// Vitest Snapshot v1, https://vitest.dev/guide/snapshot.html

exports[`fieldsToFormValues > can covert fields to form value 1`] = `
[
  {
    "field": {
      "__typename": "CustomField",
      "description": "coller le shortode de l'entreprise",
      "id": "11",
      "key": "sponsor_ads",
      "name": "Sponsor Ads",
      "options": {
        "__typename": "CustomFieldTextOptions",
        "multiline": null,
        "regex": null,
        "repeat": false,
        "required": false,
        "textMax": null,
        "textMin": null,
        "type": "text",
      },
      "type": "text",
    },
    "group": undefined,
    "id": undefined,
    "validateKey": "text-sponsor_ads-undefined",
    "value": null,
  },
  {
    "field": {
      "__typename": "CustomField",
      "description": "Ajouter le nom du sponsor qui apparaîtra dans les pages artciles",
      "id": "12",
      "key": "nom_du_sponsor",
      "name": "Nom du sponsor",
      "options": {
        "__typename": "CustomFieldTextOptions",
        "multiline": null,
        "regex": null,
        "repeat": false,
        "required": false,
        "textMax": null,
        "textMin": null,
        "type": "text",
      },
      "type": "text",
    },
    "group": undefined,
    "id": undefined,
    "validateKey": "text-nom_du_sponsor-undefined",
    "value": null,
  },
  {
    "field": {
      "__typename": "CustomField",
      "description": "URL du sponsor (permet de se rendre sur sa page)",
      "id": "13",
      "key": "url_de_la_page_du_sponsor",
      "name": "Url de la page du sponsor",
      "options": {
        "__typename": "CustomFieldUrlOptions",
        "repeat": false,
        "required": false,
        "type": "url",
      },
      "type": "url",
    },
    "group": undefined,
    "id": undefined,
    "validateKey": "url-url_de_la_page_du_sponsor-undefined",
    "value": null,
  },
  {
    "field": {
      "__typename": "CustomField",
      "description": "Ajouter l'iframe correspondant au sponsor désiré",
      "id": "14",
      "key": "sponsor_iframe",
      "name": "Sponsor iframe",
      "options": {
        "__typename": "CustomFieldSelectOptions",
        "choices": {
          "<div style="max-width:300px; width:100%; height:80px;"><iframe src="https://createurs.briefstory.io?_dnid=341048&t=1670416922" border="0" scrolling="no" allowtransparency="true" style="width:1px;min-width:100%;*width:100%;height:100%;border:0;"></iframe></div>": "Messaj",
          "<div style="max-width:300px; width:100%; height:80px;"><iframe src="https://createurs.briefstory.io?_dnid=3464&t=1670416993" border="0" scrolling="no" allowtransparency="true" style="width:1px;min-width:100%;*width:100%;height:100%;border:0;"></iframe></div>": "Emergenz",
          "<div> </div>": "none",
        },
        "multiple": false,
        "placeholder": null,
        "required": false,
        "type": "select",
      },
      "type": "select",
    },
    "group": undefined,
    "id": undefined,
    "validateKey": "select-sponsor_iframe-undefined",
    "value": null,
  },
  {
    "field": {
      "__typename": "CustomField",
      "description": null,
      "id": "20",
      "key": "testselect1004",
      "name": "Test Select 1004",
      "options": {
        "__typename": "CustomFieldSelectOptions",
        "choices": "{"test1":"test1","test2":"test2","test3":"test3"}",
        "multiple": true,
        "placeholder": null,
        "required": false,
        "type": "select",
      },
      "type": "select",
    },
    "group": undefined,
    "id": undefined,
    "validateKey": "select-testselect1004-undefined",
    "value": null,
  },
  {
    "field": {
      "__typename": "CustomField",
      "description": null,
      "id": "29",
      "key": "select_1011",
      "name": "Select_1011",
      "options": {
        "__typename": "CustomFieldSelectOptions",
        "choices": "{"tag1":"tag1","tag2":"tag2","tag3":"tag3"}",
        "multiple": false,
        "placeholder": null,
        "required": false,
        "type": "select",
      },
      "type": "select",
    },
    "group": undefined,
    "id": undefined,
    "validateKey": "select-select_1011-undefined",
    "value": null,
  },
]
`;
